[    0.000000] Linux version 4.15.0-101-generic (buildd@lgw01-amd64-003) (gcc version 7.5.0 (Ubuntu 7.5.0-3ubuntu1~18.04)) #102-Ubuntu SMP Mon May 11 10:07:26 UTC 2020 (Ubuntu 4.15.0-101.102-generic 4.15.18)
[    0.000000] Command line: BOOT_IMAGE=/boot/vmlinuz-4.15.0-101-generic root=LABEL=cloudimg-rootfs ro console=tty1 console=ttyS0
[    0.000000] KERNEL supported cpus:
[    0.000000]   Intel GenuineIntel
[    0.000000]   AMD AuthenticAMD
[    0.000000]   Centaur CentaurHauls
[    0.000000] x86/fpu: Supporting XSAVE feature 0x001: 'x87 floating point registers'
[    0.000000] x86/fpu: Supporting XSAVE feature 0x002: 'SSE registers'
[    0.000000] x86/fpu: Supporting XSAVE feature 0x004: 'AVX registers'
[    0.000000] x86/fpu: xstate_offset[2]:  576, xstate_sizes[2]:  256
[    0.000000] x86/fpu: Enabled xstate features 0x7, context size is 832 bytes, using 'standard' format.
[    0.000000] e820: BIOS-provided physical RAM map:
[    0.000000] BIOS-e820: [mem 0x0000000000000000-0x000000000009fbff] usable
[    0.000000] BIOS-e820: [mem 0x000000000009fc00-0x000000000009ffff] reserved
[    0.000000] BIOS-e820: [mem 0x00000000000f0000-0x00000000000fffff] reserved
[    0.000000] BIOS-e820: [mem 0x0000000000100000-0x000000003ffeffff] usable
[    0.000000] BIOS-e820: [mem 0x000000003fff0000-0x000000003fffffff] ACPI data
[    0.000000] BIOS-e820: [mem 0x00000000fec00000-0x00000000fec00fff] reserved
[    0.000000] BIOS-e820: [mem 0x00000000fee00000-0x00000000fee00fff] reserved
[    0.000000] BIOS-e820: [mem 0x00000000fffc0000-0x00000000ffffffff] reserved
[    0.000000] NX (Execute Disable) protection: active
[    0.000000] SMBIOS 2.5 present.
[    0.000000] DMI: innotek GmbH VirtualBox/VirtualBox, BIOS VirtualBox 12/01/2006
[    0.000000] Hypervisor detected: KVM
[    0.000000] e820: last_pfn = 0x3fff0 max_arch_pfn = 0x400000000
[    0.000000] MTRR: Disabled
[    0.000000] x86/PAT: MTRRs disabled, skipping PAT initialization too.
[    0.000000] CPU MTRRs all blank - virtualized system.
[    0.000000] x86/PAT: Configuration [0-7]: WB  WT  UC- UC  WB  WT  UC- UC  
[    0.000000] found SMP MP-table at [mem 0x0009fff0-0x0009ffff]
[    0.000000] Scanning 1 areas for low memory corruption
[    0.000000] RAMDISK: [mem 0x35a6d000-0x36d2dfff]
[    0.000000] ACPI: Early table checksum verification disabled
[    0.000000] ACPI: RSDP 0x00000000000E0000 000024 (v02 VBOX  )
[    0.000000] ACPI: XSDT 0x000000003FFF0030 00003C (v01 VBOX   VBOXXSDT 00000001 ASL  00000061)
[    0.000000] ACPI: FACP 0x000000003FFF00F0 0000F4 (v04 VBOX   VBOXFACP 00000001 ASL  00000061)
[    0.000000] ACPI: DSDT 0x000000003FFF0470 002325 (v02 VBOX   VBOXBIOS 00000002 INTL 20100528)
[    0.000000] ACPI: FACS 0x000000003FFF0200 000040
[    0.000000] ACPI: FACS 0x000000003FFF0200 000040
[    0.000000] ACPI: APIC 0x000000003FFF0240 00005C (v02 VBOX   VBOXAPIC 00000001 ASL  00000061)
[    0.000000] ACPI: SSDT 0x000000003FFF02A0 0001CC (v01 VBOX   VBOXCPUT 00000002 INTL 20100528)
[    0.000000] No NUMA configuration found
[    0.000000] Faking a node at [mem 0x0000000000000000-0x000000003ffeffff]
[    0.000000] NODE_DATA(0) allocated [mem 0x3ffc5000-0x3ffeffff]
[    0.000000] kvm-clock: cpu 0, msr 0:3ff44001, primary cpu clock
[    0.000000] kvm-clock: Using msrs 4b564d01 and 4b564d00
[    0.000000] kvm-clock: using sched offset of 4939576225 cycles
[    0.000000] clocksource: kvm-clock: mask: 0xffffffffffffffff max_cycles: 0x1cd42e4dffb, max_idle_ns: 881590591483 ns
[    0.000000] Zone ranges:
[    0.000000]   DMA      [mem 0x0000000000001000-0x0000000000ffffff]
[    0.000000]   DMA32    [mem 0x0000000001000000-0x000000003ffeffff]
[    0.000000]   Normal   empty
[    0.000000]   Device   empty
[    0.000000] Movable zone start for each node
[    0.000000] Early memory node ranges
[    0.000000]   node   0: [mem 0x0000000000001000-0x000000000009efff]
[    0.000000]   node   0: [mem 0x0000000000100000-0x000000003ffeffff]
[    0.000000] Reserved but unavailable: 98 pages
[    0.000000] Initmem setup node 0 [mem 0x0000000000001000-0x000000003ffeffff]
[    0.000000] ACPI: PM-Timer IO Port: 0x4008
[    0.000000] IOAPIC[0]: apic_id 2, version 32, address 0xfec00000, GSI 0-23
[    0.000000] ACPI: INT_SRC_OVR (bus 0 bus_irq 0 global_irq 2 dfl dfl)
[    0.000000] ACPI: INT_SRC_OVR (bus 0 bus_irq 9 global_irq 9 low level)
[    0.000000] Using ACPI (MADT) for SMP configuration information
[    0.000000] smpboot: Allowing 2 CPUs, 0 hotplug CPUs
[    0.000000] PM: Registered nosave memory: [mem 0x00000000-0x00000fff]
[    0.000000] PM: Registered nosave memory: [mem 0x0009f000-0x0009ffff]
[    0.000000] PM: Registered nosave memory: [mem 0x000a0000-0x000effff]
[    0.000000] PM: Registered nosave memory: [mem 0x000f0000-0x000fffff]
[    0.000000] e820: [mem 0x40000000-0xfebfffff] available for PCI devices
[    0.000000] Booting paravirtualized kernel on KVM
[    0.000000] clocksource: refined-jiffies: mask: 0xffffffff max_cycles: 0xffffffff, max_idle_ns: 7645519600211568 ns
[    0.000000] random: get_random_bytes called from start_kernel+0x99/0x4fd with crng_init=0
[    0.000000] setup_percpu: NR_CPUS:8192 nr_cpumask_bits:2 nr_cpu_ids:2 nr_node_ids:1
[    0.000000] percpu: Embedded 45 pages/cpu s147456 r8192 d28672 u1048576
[    0.000000] PV qspinlock hash table entries: 256 (order: 0, 4096 bytes)
[    0.000000] Built 1 zonelists, mobility grouping on.  Total pages: 257913
[    0.000000] Policy zone: DMA32
[    0.000000] Kernel command line: BOOT_IMAGE=/boot/vmlinuz-4.15.0-101-generic root=LABEL=cloudimg-rootfs ro console=tty1 console=ttyS0
[    0.000000] Memory: 983064K/1048120K available (12300K kernel code, 2481K rwdata, 4268K rodata, 2432K init, 2712K bss, 65056K reserved, 0K cma-reserved)
[    0.000000] SLUB: HWalign=64, Order=0-3, MinObjects=0, CPUs=2, Nodes=1
[    0.000000] Kernel/User page tables isolation: enabled
[    0.000000] ftrace: allocating 39364 entries in 154 pages
[    0.004000] Hierarchical RCU implementation.
[    0.004000] 	RCU restricting CPUs from NR_CPUS=8192 to nr_cpu_ids=2.
[    0.004000] 	Tasks RCU enabled.
[    0.004000] RCU: Adjusting geometry for rcu_fanout_leaf=16, nr_cpu_ids=2
[    0.004000] NR_IRQS: 524544, nr_irqs: 440, preallocated irqs: 16
[    0.004000] Console: colour VGA+ 80x25
[    0.004000] console [tty1] enabled
[    0.004000] console [ttyS0] enabled
[    0.004000] ACPI: Core revision 20170831
[    0.004000] ACPI: 2 ACPI AML tables successfully acquired and loaded
[    0.004000] APIC: Switch to symmetric I/O mode setup
[    0.004000] x2apic enabled
[    0.004000] Switched APIC routing to physical x2apic.
[    0.004000] ..TIMER: vector=0x30 apic1=0 pin1=2 apic2=-1 pin2=-1
[    0.004003] tsc: Detected 2904.000 MHz processor
[    0.004871] Calibrating delay loop (skipped) preset value.. 5808.00 BogoMIPS (lpj=11616000)
[    0.005491] pid_max: default: 32768 minimum: 301
[    0.008027] Security Framework initialized
[    0.008783] Yama: becoming mindful.
[    0.009479] AppArmor: AppArmor initialized
[    0.016034] Dentry cache hash table entries: 131072 (order: 8, 1048576 bytes)
[    0.020047] Inode-cache hash table entries: 65536 (order: 7, 524288 bytes)
[    0.021201] Mount-cache hash table entries: 2048 (order: 2, 16384 bytes)
[    0.022309] Mountpoint-cache hash table entries: 2048 (order: 2, 16384 bytes)
[    0.024238] Last level iTLB entries: 4KB 128, 2MB 8, 4MB 8
[    0.025146] Last level dTLB entries: 4KB 64, 2MB 0, 4MB 0, 1GB 4
[    0.026129] Spectre V1 : Mitigation: usercopy/swapgs barriers and __user pointer sanitization
[    0.027531] Spectre V2 : Mitigation: Full generic retpoline
[    0.028001] Spectre V2 : Spectre v2 / SpectreRSB mitigation: Filling RSB on context switch
[    0.029413] Speculative Store Bypass: Vulnerable
[    0.030222] MDS: Mitigation: Clear CPU buffers
[    0.031154] Freeing SMP alternatives memory: 36K
[    0.141783] smpboot: CPU0: Intel(R) Core(TM) i5-9400F CPU @ 2.90GHz (family: 0x6, model: 0x9e, stepping: 0xa)
[    0.143586] Performance Events: unsupported p6 CPU model 158 no PMU driver, software events only.
[    0.144000] Hierarchical SRCU implementation.
[    0.144451] NMI watchdog: Perf event create on CPU 0 failed with -2
[    0.145612] NMI watchdog: Perf NMI watchdog permanently disabled
[    0.146701] smp: Bringing up secondary CPUs ...
[    0.148070] x86: Booting SMP configuration:
[    0.148819] .... node  #0, CPUs:      #1
[    0.004000] kvm-clock: cpu 1, msr 0:3ff44041, secondary cpu clock
[    0.152014] smp: Brought up 1 node, 2 CPUs
[    0.152826] smpboot: Max logical packages: 1
[    0.153651] smpboot: Total of 2 processors activated (11616.00 BogoMIPS)
[    0.154938] devtmpfs: initialized
[    0.156049] x86/mm: Memory block size: 128MB
[    0.157046] evm: security.selinux
[    0.157753] evm: security.SMACK64
[    0.158407] evm: security.SMACK64EXEC
[    0.159070] evm: security.SMACK64TRANSMUTE
[    0.160001] evm: security.SMACK64MMAP
[    0.160748] evm: security.apparmor
[    0.161396] evm: security.ima
[    0.161971] evm: security.capability
[    0.162721] clocksource: jiffies: mask: 0xffffffff max_cycles: 0xffffffff, max_idle_ns: 7645041785100000 ns
[    0.164006] futex hash table entries: 512 (order: 3, 32768 bytes)
[    0.180019] pinctrl core: initialized pinctrl subsystem
[    0.184105] RTC time:  6:46:05, date: 06/16/20
[    0.184979] NET: Registered protocol family 16
[    0.185878] audit: initializing netlink subsys (disabled)
[    0.188004] audit: type=2000 audit(1592289971.852:1): state=initialized audit_enabled=0 res=1
[    0.188101] cpuidle: using governor ladder
[    0.188721] cpuidle: using governor menu
[    0.189447] ACPI: bus type PCI registered
[    0.190184] acpiphp: ACPI Hot Plug PCI Controller Driver version: 0.5
[    0.192084] PCI: Using configuration type 1 for base access
[    0.193058] HugeTLB registered 2.00 MiB page size, pre-allocated 0 pages
[    0.196068] ACPI: Added _OSI(Module Device)
[    0.196852] ACPI: Added _OSI(Processor Device)
[    0.197678] ACPI: Added _OSI(3.0 _SCP Extensions)
[    0.198475] ACPI: Added _OSI(Processor Aggregator Device)
[    0.200003] ACPI: Added _OSI(Linux-Dell-Video)
[    0.200755] ACPI: Added _OSI(Linux-Lenovo-NV-HDMI-Audio)
[    0.201658] ACPI: Added _OSI(Linux-HPI-Hybrid-Graphics)
[    0.202788] ACPI: Executed 1 blocks of module-level executable AML code
[    0.206546] ACPI: Interpreter enabled
[    0.208011] ACPI: (supports S0 S5)
[    0.208728] ACPI: Using IOAPIC for interrupt routing
[    0.209865] PCI: Using host bridge windows from ACPI; if necessary, use "pci=nocrs" and report a bug
[    0.212149] ACPI: Enabled 2 GPEs in block 00 to 07
[    0.218939] ACPI: PCI Root Bridge [PCI0] (domain 0000 [bus 00-ff])
[    0.220000] acpi PNP0A03:00: _OSC: OS supports [ASPM ClockPM Segments MSI]
[    0.220513] acpi PNP0A03:00: _OSC: not requesting OS control; OS requires [ExtendedConfig ASPM ClockPM MSI]
[    0.222199] acpi PNP0A03:00: fail to add MMCONFIG information, can't access extended PCI configuration space under this bridge.
[    0.224372] PCI host bridge to bus 0000:00
[    0.225148] pci_bus 0000:00: root bus resource [io  0x0000-0x0cf7 window]
[    0.226327] pci_bus 0000:00: root bus resource [io  0x0d00-0xffff window]
[    0.228002] pci_bus 0000:00: root bus resource [mem 0x000a0000-0x000bffff window]
[    0.229406] pci_bus 0000:00: root bus resource [mem 0x40000000-0xfdffffff window]
[    0.230736] pci_bus 0000:00: root bus resource [bus 00-ff]
[    0.233832] pci 0000:00:01.1: legacy IDE quirk: reg 0x10: [io  0x01f0-0x01f7]
[    0.235070] pci 0000:00:01.1: legacy IDE quirk: reg 0x14: [io  0x03f6]
[    0.236002] pci 0000:00:01.1: legacy IDE quirk: reg 0x18: [io  0x0170-0x0177]
[    0.237200] pci 0000:00:01.1: legacy IDE quirk: reg 0x1c: [io  0x0376]
[    0.250126] pci 0000:00:07.0: quirk: [io  0x4000-0x403f] claimed by PIIX4 ACPI
[    0.251605] pci 0000:00:07.0: quirk: [io  0x4100-0x410f] claimed by PIIX4 SMB
[    0.262213] ACPI: PCI Interrupt Link [LNKA] (IRQs 5 9 10 *11)
[    0.263595] ACPI: PCI Interrupt Link [LNKB] (IRQs 5 9 *10 11)
[    0.264116] ACPI: PCI Interrupt Link [LNKC] (IRQs 5 *9 10 11)
[    0.265277] ACPI: PCI Interrupt Link [LNKD] (IRQs 5 9 10 *11)
[    0.266614] SCSI subsystem initialized
[    0.268029] pci 0000:00:02.0: vgaarb: setting as boot VGA device
[    0.269451] pci 0000:00:02.0: vgaarb: VGA device added: decodes=io+mem,owns=io+mem,locks=none
[    0.271101] pci 0000:00:02.0: vgaarb: bridge control possible
[    0.272008] vgaarb: loaded
[    0.272531] ACPI: bus type USB registered
[    0.273325] usbcore: registered new interface driver usbfs
[    0.274239] usbcore: registered new interface driver hub
[    0.275140] usbcore: registered new device driver usb
[    0.276042] EDAC MC: Ver: 3.0.0
[    0.276806] PCI: Using ACPI for IRQ routing
[    0.277006] NetLabel: Initializing
[    0.277686] NetLabel:  domain hash size = 128
[    0.280002] NetLabel:  protocols = UNLABELED CIPSOv4 CALIPSO
[    0.280942] NetLabel:  unlabeled traffic allowed by default
[    0.281941] clocksource: Switched to clocksource kvm-clock
[    0.466719] VFS: Disk quotas dquot_6.6.0
[    0.467435] VFS: Dquot-cache hash table entries: 512 (order 0, 4096 bytes)
[    0.468635] AppArmor: AppArmor Filesystem Enabled
[    0.469478] pnp: PnP ACPI init
[    0.471234] pnp: PnP ACPI: found 3 devices
[    0.480394] clocksource: acpi_pm: mask: 0xffffff max_cycles: 0xffffff, max_idle_ns: 2085701024 ns
[    0.482215] NET: Registered protocol family 2
[    0.483135] TCP established hash table entries: 8192 (order: 4, 65536 bytes)
[    0.484371] TCP bind hash table entries: 8192 (order: 5, 131072 bytes)
[    0.488348] TCP: Hash tables configured (established 8192 bind 8192)
[    0.544773] UDP hash table entries: 512 (order: 2, 16384 bytes)
[    0.545949] UDP-Lite hash table entries: 512 (order: 2, 16384 bytes)
[    0.547128] NET: Registered protocol family 1
[    0.547878] pci 0000:00:00.0: Limiting direct PCI/PCI transfers
[    0.549158] pci 0000:00:01.0: Activating ISA DMA hang workarounds
[    0.550255] pci 0000:00:02.0: Video device with shadowed ROM at [mem 0x000c0000-0x000dffff]
[    0.551864] Unpacking initramfs...
[    3.083874] Freeing initrd memory: 19204K
[    3.084755] clocksource: tsc: mask: 0xffffffffffffffff max_cycles: 0x29dc05e54fc, max_idle_ns: 440795291716 ns
[    3.086765] platform rtc_cmos: registered platform RTC device (no PNP device found)
[    3.088406] Scanning for low memory corruption every 60 seconds
[    3.090187] Initialise system trusted keyrings
[    3.091025] Key type blacklist registered
[    3.091887] workingset: timestamp_bits=36 max_order=18 bucket_order=0
[    3.094154] zbud: loaded
[    3.095130] squashfs: version 4.0 (2009/01/31) Phillip Lougher
[    3.096609] fuse init (API version 7.26)
[    3.099857] Key type asymmetric registered
[    3.100680] Asymmetric key parser 'x509' registered
[    3.101628] Block layer SCSI generic (bsg) driver version 0.4 loaded (major 246)
[    3.102994] io scheduler noop registered
[    3.103810] io scheduler deadline registered
[    3.104677] io scheduler cfq registered (default)
[    3.105820] ACPI: AC Adapter [AC] (on-line)
[    3.106707] input: Power Button as /devices/LNXSYSTM:00/LNXPWRBN:00/input/input0
[    3.108236] ACPI: Power Button [PWRF]
[    3.108981] input: Sleep Button as /devices/LNXSYSTM:00/LNXSLPBN:00/input/input1
[    3.110509] ACPI: Sleep Button [SLPF]
[    3.111546] Serial: 8250/16550 driver, 32 ports, IRQ sharing enabled
[    3.133611] 00:02: ttyS0 at I/O 0x3f8 (irq = 4, base_baud = 115200) is a 16550A
[    3.138011] Linux agpgart interface v0.103
[    3.140039] loop: module loaded
[    3.141138] scsi host0: ata_piix
[    3.141981] scsi host1: ata_piix
[    3.142627] ata1: PATA max UDMA/33 cmd 0x1f0 ctl 0x3f6 bmdma 0xd000 irq 14
[    3.143864] ata2: PATA max UDMA/33 cmd 0x170 ctl 0x376 bmdma 0xd008 irq 15
[    3.145495] libphy: Fixed MDIO Bus: probed
[    3.146343] tun: Universal TUN/TAP device driver, 1.6
[    3.147332] PPP generic driver version 2.4.2
[    3.148519] ehci_hcd: USB 2.0 'Enhanced' Host Controller (EHCI) Driver
[    3.149644] ehci-pci: EHCI PCI platform driver
[    3.150524] ehci-platform: EHCI generic platform driver
[    3.151500] ohci_hcd: USB 1.1 'Open' Host Controller (OHCI) Driver
[    3.152684] ohci-pci: OHCI PCI platform driver
[    3.153537] ohci-platform: OHCI generic platform driver
[    3.154588] uhci_hcd: USB Universal Host Controller Interface driver
[    3.155780] i8042: PNP: PS/2 Controller [PNP0303:PS2K,PNP0f03:PS2M] at 0x60,0x64 irq 1,12
[    3.157792] serio: i8042 KBD port at 0x60,0x64 irq 1
[    3.158655] serio: i8042 AUX port at 0x60,0x64 irq 12
[    3.159834] mousedev: PS/2 mouse device common for all mice
[    3.161643] rtc_cmos rtc_cmos: rtc core: registered rtc_cmos as rtc0
[    3.162995] rtc_cmos rtc_cmos: alarms up to one day, 114 bytes nvram
[    3.164324] input: AT Translated Set 2 keyboard as /devices/platform/i8042/serio0/input/input2
[    3.165951] i2c /dev entries driver
[    3.166817] device-mapper: uevent: version 1.0.3
[    3.167764] device-mapper: ioctl: 4.37.0-ioctl (2017-09-20) initialised: dm-devel@redhat.com
[    3.169413] ledtrig-cpu: registered to indicate activity on CPUs
[    3.170954] NET: Registered protocol family 10
[    3.174775] Segment Routing with IPv6
[    3.175506] NET: Registered protocol family 17
[    3.176521] Key type dns_resolver registered
[    3.177628] mce: Using 0 MCE banks
[    3.178348] RAS: Correctable Errors collector initialized.
[    3.179503] sched_clock: Marking stable (3177563551, 0)->(3544729039, -367165488)
[    3.181428] registered taskstats version 1
[    3.182216] Loading compiled-in X.509 certificates
[    3.184846] Loaded X.509 cert 'Build time autogenerated kernel key: 81757e40860ca54b8a45e323b66799c03c91a344'
[    3.186592] zswap: loaded using pool lzo/zbud
[    3.189892] Key type big_key registered
[    3.190730] Key type trusted registered
[    3.192766] Key type encrypted registered
[    3.193528] AppArmor: AppArmor sha1 policy hashing enabled
[    3.194523] ima: No TPM chip found, activating TPM-bypass! (rc=-19)
[    3.195734] ima: Allocated hash algorithm: sha1
[    3.196684] evm: HMAC attrs: 0x1
[    3.197600]   Magic number: 8:73:772
[    3.198460] rtc_cmos rtc_cmos: setting system clock to 2020-06-16 06:46:08 UTC (1592289968)
[    3.200129] BIOS EDD facility v0.16 2004-Jun-25, 0 devices found
[    3.201157] EDD information not available.
[    3.329557] Freeing unused kernel image memory: 2432K
[    3.942192] Write protecting the kernel read-only data: 20480k
[    3.943647] Freeing unused kernel image memory: 2008K
[    3.944819] Freeing unused kernel image memory: 1876K
[    3.952840] x86/mm: Checked W+X mappings: passed, no W+X pages found.
[    3.953952] x86/mm: Checking user space page tables
[    3.961546] x86/mm: Checked W+X mappings: passed, no W+X pages found.
Loading, please wait...
starting version 237
[    4.141395] Fusion MPT base driver 3.04.20
[    4.142651] Copyright (c) 1999-2008 LSI Corporation
[    4.146846] e1000: Intel(R) PRO/1000 Network Driver - version 7.3.21-k8-NAPI
[    4.148088] e1000: Copyright (c) 1999-2006 Intel Corporation.
[    4.155110] Fusion MPT SPI Host driver 3.04.20
[    4.157730] mptbase: ioc0: Initiating bringup
[    4.166956] AVX2 version of gcm_enc/dec engaged.
[    4.167865] AES CTR mode by8 optimization enabled
[    4.268217] ioc0: LSI53C1030 A0: Capabilities={Initiator}
[    4.365978] input: ImExPS/2 Generic Explorer Mouse as /devices/platform/i8042/serio1/input/input4
[    4.514630] scsi host2: ioc0: LSI53C1030 A0, FwRev=00000000h, Ports=1, MaxQ=256, IRQ=20
[    4.680914] scsi 2:0:0:0: Direct-Access     VBOX     HARDDISK         1.0  PQ: 0 ANSI: 5
[    4.708668] scsi target2:0:0: Beginning Domain Validation
[    4.712127] scsi target2:0:0: Domain Validation skipping write tests
[    4.713144] scsi target2:0:0: Ending Domain Validation
[    4.714080] scsi target2:0:0: asynchronous
[    4.715578] scsi 2:0:1:0: Direct-Access     VBOX     HARDDISK         1.0  PQ: 0 ANSI: 5
[    4.757301] scsi target2:0:1: Beginning Domain Validation
[    4.788641] random: fast init done
[    4.789745] scsi target2:0:1: Domain Validation skipping write tests
[    4.790838] scsi target2:0:1: Ending Domain Validation
[    4.791922] scsi target2:0:1: asynchronous
[    4.796475] sd 2:0:0:0: Attached scsi generic sg0 type 0
[    4.797481] random: systemd-udevd: uninitialized urandom read (16 bytes read)
[    4.797748] sd 2:0:1:0: Attached scsi generic sg1 type 0
[    4.798839] random: systemd-udevd: uninitialized urandom read (16 bytes read)
[    4.801076] random: systemd-udevd: uninitialized urandom read (16 bytes read)
[    4.802429] sd 2:0:0:0: [sda] 20971520 512-byte logical blocks: (10.7 GB/10.0 GiB)
[    4.804057] sd 2:0:1:0: [sdb] 20480 512-byte logical blocks: (10.5 MB/10.0 MiB)
[    4.805414] sd 2:0:0:0: [sda] Write Protect is off
[    4.806361] sd 2:0:1:0: [sdb] Write Protect is off
[    4.807334] sd 2:0:0:0: [sda] Incomplete mode parameter data
[    4.808371] sd 2:0:0:0: [sda] Assuming drive cache: write through
[    4.809758] sd 2:0:1:0: [sdb] Incomplete mode parameter data
[    4.810791] sd 2:0:1:0: [sdb] Assuming drive cache: write through
[    4.813359]  sda: sda1
[    4.814832] sd 2:0:0:0: [sda] Attached SCSI disk
[    4.818526] sd 2:0:1:0: [sdb] Attached SCSI disk
[    5.081172] e1000 0000:00:03.0 eth0: (PCI:33MHz:32-bit) 02:14:dc:98:74:16
[    5.082388] e1000 0000:00:03.0 eth0: Intel(R) PRO/1000 Network Connection
[    5.085385] e1000 0000:00:03.0 enp0s3: renamed from eth0
Begin: Loading essential drivers ... [    6.720761] raid6: sse2x1   gen() 13767 MB/s
[    6.768501] raid6: sse2x1   xor()  9980 MB/s
[    6.816360] raid6: sse2x2   gen() 17101 MB/s
[    6.864123] raid6: sse2x2   xor() 11492 MB/s
[    6.912021] raid6: sse2x4   gen() 19379 MB/s
[    6.960769] raid6: sse2x4   xor() 11762 MB/s
[    7.008465] raid6: avx2x1   gen() 27046 MB/s
[    7.056420] raid6: avx2x1   xor() 18624 MB/s
[    7.104282] raid6: avx2x2   gen() 34165 MB/s
[    7.152080] raid6: avx2x2   xor() 20472 MB/s
[    7.200869] raid6: avx2x4   gen() 37383 MB/s
[    7.248696] raid6: avx2x4   xor() 21769 MB/s
[    7.249522] raid6: using algorithm avx2x4 gen() 37383 MB/s
[    7.250591] raid6: .... xor() 21769 MB/s, rmw enabled
[    7.251746] raid6: using avx2x2 recovery algorithm
[    7.253611] xor: automatically using best checksumming function   avx       
[    7.255710] async_tx: api initialized (async)
done.
Begin: Running /scripts/init-premount ... done.
Begin: Mounting root file system ... Begin: Running /scripts/local-top ... done.
Begin: Running /scripts/local-premount ... [    7.292971] Btrfs loaded, crc32c=crc32c-intel
Scanning for Btrfs filesystems
done.
Warning: fsck not present, so skipping root file system
[    7.315840] EXT4-fs (sda1): mounted filesystem with ordered data mode. Opts: (null)
done.
Begin: Running /scripts/local-bottom ... done.
Begin: Running /scripts/init-bottom ... done.
[    7.457753] ip_tables: (C) 2000-2006 Netfilter Core Team
[    7.466142] systemd[1]: systemd 237 running in system mode. (+PAM +AUDIT +SELINUX +IMA +APPARMOR +SMACK +SYSVINIT +UTMP +LIBCRYPTSETUP +GCRYPT +GNUTLS +ACL +XZ +LZ4 +SECCOMP +BLKID +ELFUTILS +KMOD -IDN2 +IDN -PCRE2 default-hierarchy=hybrid)
[    7.469860] systemd[1]: Detected virtualization oracle.
[    7.470821] systemd[1]: Detected architecture x86-64.

Welcome to [1mUbuntu 18.04.4 LTS[0m!

[    7.485267] systemd[1]: Set hostname to <ubuntu-bionic>.
[    7.811567] systemd[1]: Created slice User and Session Slice.
[[0;32m  OK  [0m] Created slice User and Session Slice.
[    7.813224] systemd[1]: Set up automount Arbitrary Executable File Formats File System Automount Point.
[[0;32m  OK  [0m] Set up automount Arbitrary Executabâ€¦rmats File System Automount Point.
[    7.824686] systemd[1]: Reached target User and Group Name Lookups.
[[0;32m  OK  [0m] Reached target User and Group Name Lookups.
[    7.826220] systemd[1]: Reached target System Time Synchronized.
[[0;32m  OK  [0m] Reached target System Time Synchronized.
[    7.827869] systemd[1]: Created slice System Slice.
[[0;32m  OK  [0m] Created slice System Slice.
[    7.829228] systemd[1]: Listening on /dev/initctl Compatibility Named Pipe.
[[0;32m  OK  [0m] Listening on /dev/initctl Compatibility Named Pipe.
[[0;32m  OK  [0m] Listening on Syslog Socket.
[[0;32m  OK  [0m] Reached target Slices.
[[0;32m  OK  [0m] Listening on LVM2 poll daemon socket.
[[0;32m  OK  [0m] Reached target Swap.
[[0;32m  OK  [0m] Started Forward Password Requests to Wall Directory Watch.
[[0;32m  OK  [0m] Created slice system-serial\x2dgetty.slice.
[[0;32m  OK  [0m] Listening on Network Service Netlink Socket.
[[0;32m  OK  [0m] Listening on Journal Socket.
         Mounting Kernel Debug File System...
         Starting Uncomplicated firewall...
         Starting Create list of required stâ€¦ce nodes for the current kernel...
         Mounting POSIX Message Queue File System...
         Mounting Huge Pages File System...
         Starting Load Kernel Modules...
         Starting Set the console keyboard layout...
[[0;32m  OK  [0m] Listening on LVM2 metadata daemon socket.
[[0;32m  OK  [0m] Listening on Device-mapper event daemon FIFOs.
[    8.085071] Loading iSCSI transport class v2.0-870.
         Starting Monitoring of LVM2 mirrorsâ€¦ng dmeventd or progress polling...
[[0;32m  OK  [0m] Listening on udev Kernel Socket.
[[0;32m  OK  [0m] Listening on Journal Socket (/dev/log).
[    8.110731] iscsi: registered transport (tcp)
[    8.123747] iscsi: registered transport (iser)
         Starting Remount Root and Kernel File Systems...
[[0;32m  OK  [0m] Listening on Journal Audit Socket.
         Starting Journal Service...
[[0;32m  OK  [0m] Listening on udev Control Socket.
         Starting udev Coldplug all Devices...
[[0;32m  OK  [0m] Mounted Kernel Debug File System.
[[0;32m  OK  [0m] Started Uncomplicated firewall.
[[0;32m  OK  [0m] Started Create list of required staâ€¦vice nodes for the current kernel.
[[0;32m  OK  [0m] Mounted POSIX Message Queue File System.
[[0;32m  OK  [0m] Mounted Huge Pages File System.
[[0;32m  OK  [0m] Started Load Kernel Modules.
         Mounting FUSE Control File System...
         Starting Apply Kernel Variables...
         Mounting Kernel Configuration File System...
         Starting Create Static Device Nodes in /dev...
[[0;32m  OK  [0m] Mounted Kernel Configuration File System.
[[0;32m  OK  [0m] Mounted FUSE Control File System.
[[0;32m  OK  [0m] Started Create Static Device Nodes in /dev.
[[0;32m  OK  [0m] Started Remount Root and Kernel File Systems.
         Starting Load/Save Random Seed...
         Starting udev Kernel Device Manager...
[[0;32m  OK  [0m] Started Apply Kernel Variables.
[[0;32m  OK  [0m] Started udev Coldplug all Devices.
[[0;32m  OK  [0m] Started LVM2 metadata daemon.
[[0;32m  OK  [0m] Started Load/Save Random Seed.
[[0;32m  OK  [0m] Started Journal Service.
         Starting Flush Journal to Persistent Storage...
[[0;32m  OK  [0m] Started udev Kernel Device Manager.
[[0;32m  OK  [0m] Started Set the console keyboard layout.
[[0;32m  OK  [0m] Started Dispatch Password Requests to Console Directory Watch.
[[0;32m  OK  [0m] Reached target Local Encrypted Volumes.
[[0;32m  OK  [0m] Started Monitoring of LVM2 mirrors,â€¦sing dmeventd or progress polling.
[[0;32m  OK  [0m] Reached target Local File Systems (Pre).
[[0;32m  OK  [0m] Reached target Local File Systems.
         Starting Set console font and keymap...
         Starting ebtables ruleset management...
         Starting AppArmor initialization...
         Starting Tell Plymouth To Write Out Runtime Data...
[[0;32m  OK  [0m] Started Set console font and keymap.
[[0;32m  OK  [0m] Started Tell Plymouth To Write Out Runtime Data.
[[0;32m  OK  [0m] Started Flush Journal to Persistent Storage.
[[0;32m  OK  [0m] Started ebtables ruleset management.
[[0;32m  OK  [0m] Found device /dev/ttyS0.
         Starting Create Volatile Files and Directories...
[[0;32m  OK  [0m] Started Create Volatile Files and Directories.
         Starting Update UTMP about System Boot/Shutdown...
[[0;32m  OK  [0m] Listening on Load/Save RF Kill Switch Status /dev/rfkill Watch.
[[0;32m  OK  [0m] Started Update UTMP about System Boot/Shutdown.
[[0;32m  OK  [0m] Started AppArmor initialization.
         Starting Initial cloud-init job (pre-networking)...
[    9.979580] cloud-init[548]: Cloud-init v. 19.4-33-gbb4131a2-0ubuntu1~18.04.1 running 'init-local' at Tue, 16 Jun 2020 06:46:15 +0000. Up 9.75 seconds.
[[0;32m  OK  [0m] Started Initial cloud-init job (pre-networking).
[[0;32m  OK  [0m] Reached target Network (Pre).
         Starting Network Service...
[[0;32m  OK  [0m] Started Network Service.
         Starting Wait for Network to be Configured...
         Starting Network Name Resolution...
[[0;32m  OK  [0m] Started Network Name Resolution.
[[0;32m  OK  [0m] Reached target Host and Network Name Lookups.
[[0;32m  OK  [0m] Reached target Network.
[[0;32m  OK  [0m] Started Wait for Network to be Configured.
         Starting Initial cloud-init job (metadata service crawler)...
[   12.164106] cloud-init[666]: Cloud-init v. 19.4-33-gbb4131a2-0ubuntu1~18.04.1 running 'init' at Tue, 16 Jun 2020 06:46:17 +0000. Up 11.97 seconds.
[   12.165891] cloud-init[666]: ci-info: ++++++++++++++++++++++++++++++++++++++Net device info++++++++++++++++++++++++++++++++++++++
[   12.166623] cloud-init[666]: ci-info: +--------+------+----------------------------+---------------+--------+-------------------+
[   12.167693] cloud-init[666]: ci-info: | Device |  Up  |          Address           |      Mask     | Scope  |     Hw-Address    |
[   12.169112] cloud-init[666]: ci-info: +--------+------+----------------------------+---------------+--------+-------------------+
[   12.170453] cloud-init[666]: ci-info: | enp0s3 | True |         10.0.2.15          | 255.255.255.0 | global | 02:14:dc:98:74:16 |
[   12.172006] cloud-init[666]: ci-info: | enp0s3 | True | fe80::14:dcff:fe98:7416/64 |       .       |  link  | 02:14:dc:98:74:16 |
[   12.173438] cloud-init[666]: ci-info: |   lo   | True |         127.0.0.1          |   255.0.0.0   |  host  |         .         |
[   12.174839] cloud-init[666]: ci-info: |   lo   | True |          ::1/128           |       .       |  host  |         .         |
[   12.193346] cloud-init[666]: ci-info: +--------+------+----------------------------+---------------+--------+-------------------+
[   12.204386] cloud-init[666]: ci-info: ++++++++++++++++++++++++++++Route IPv4 info+++++++++++++++++++++++++++++
[   12.205084] cloud-init[666]: ci-info: +-------+-------------+----------+-----------------+-----------+-------+
[   12.205783] cloud-init[666]: ci-info: | Route | Destination | Gateway  |     Genmask     | Interface | Flags |
[   12.206915] cloud-init[666]: ci-info: +-------+-------------+----------+-----------------+-----------+-------+
[   12.218916] cloud-init[666]: ci-info: |   0   |   0.0.0.0   | 10.0.2.2 |     0.0.0.0     |   enp0s3  |   UG  |
[   12.219740] cloud-init[666]: ci-info: |   1   |   10.0.2.0  | 0.0.0.0  |  255.255.255.0  |   enp0s3  |   U   |
[   12.232604] cloud-init[666]: ci-info: |   2   |   10.0.2.2  | 0.0.0.0  | 255.255.255.255 |   enp0s3  |   UH  |
[   12.233636] cloud-init[666]: ci-info: +-------+-------------+----------+-----------------+-----------+-------+
[   12.244296] cloud-init[666]: ci-info: +++++++++++++++++++Route IPv6 info+++++++++++++++++++
[   12.257222] cloud-init[666]: ci-info: +-------+-------------+---------+-----------+-------+
[   12.258115] cloud-init[666]: ci-info: | Route | Destination | Gateway | Interface | Flags |
[   12.258723] cloud-init[666]: ci-info: +-------+-------------+---------+-----------+-------+
[   12.259436] cloud-init[666]: ci-info: |   1   |  fe80::/64  |    ::   |   enp0s3  |   U   |
[   12.260263] cloud-init[666]: ci-info: |   3   |    local    |    ::   |   enp0s3  |   U   |
[   12.260934] cloud-init[666]: ci-info: |   4   |   ff00::/8  |    ::   |   enp0s3  |   U   |
[   12.261863] cloud-init[666]: ci-info: +-------+-------------+---------+-----------+-------+
[[0;32m  OK  [0m] Started Initial cloud-init job (metadata service crawler).
[[0;32m  OK  [0m] Reached target Cloud-config availability.
[[0;32m  OK  [0m] Reached target System Initialization.
[[0;32m  OK  [0m] Started Message of the Day.
[[0;32m  OK  [0m] Listening on UUID daemon activation socket.
[[0;32m  OK  [0m] Listening on ACPID Listen Socket.
[[0;32m  OK  [0m] Listening on Open-iSCSI iscsid Socket.
[[0;32m  OK  [0m] Started Daily apt upgrade and clean activities.
         Starting Socket activation for snappy daemon.
[[0;32m  OK  [0m] Started Discard unused blocks once a week.
[[0;32m  OK  [0m] Listening on D-Bus System Message Bus Socket.
[[0;32m  OK  [0m] Started Daily Cleanup of Temporary Directories.
[[0;32m  OK  [0m] Reached target Timers.
         Starting LXD - unix socket.
[[0;32m  OK  [0m] Started ACPI Events Check.
[[0;32m  OK  [0m] Reached target Paths.
[[0;32m  OK  [0m] Reached target Network is Online.
[[0;32m  OK  [0m] Reached target Remote File Systems (Pre).
[[0;32m  OK  [0m] Reached target Remote File Systems.
         Starting Availability of block devices...
[[0;32m  OK  [0m] Listening on Socket activation for snappy daemon.
[[0;32m  OK  [0m] Listening on LXD - unix socket.
[[0;32m  OK  [0m] Started Availability of block devices.
[[0;32m  OK  [0m] Reached target Sockets.
[[0;32m  OK  [0m] Reached target Basic System.
[[0;32m  OK  [0m] Started Deferred execution scheduler.
         Starting Permit User Sessions...
[[0;32m  OK  [0m] Started D-Bus System Message Bus.
         Starting Accounts Service...
         Starting Daily apt upgrade and clean activities...
         Starting Virtualbox guest utils...
[[0;32m  OK  [0m] Started Regular background program processing daemon.
         Starting LXD - container startup/shutdown...
         Starting Login Service...
         Starting System Logging Service...
         Starting Snappy daemon...
[[0;32m  OK  [0m] Started irqbalance daemon.
         Starting OpenBSD Secure Shell server...
         Starting LSB: Record successful boot for GRUB...
         Starting LSB: automatic crash report generation...
         Starting Message of the Day...
[[0;32m  OK  [0m] Started FUSE filesystem for LXC.
         Starting Discard unused blocks...
         Starting Dispatcher daemon for systemd-networkd...
[[0;32m  OK  [0m] Started System Logging Service.
[[0;32m  OK  [0m] Started Permit User Sessions.
[[0;32m  OK  [0m] Started LXD - container startup/shutdown.
[[0;32m  OK  [0m] Started Discard unused blocks.
[[0;32m  OK  [0m] Started OpenBSD Secure Shell server.
[[0;32m  OK  [0m] Started Login Service.
[[0;32m  OK  [0m] Started Unattended Upgrades Shutdown.
         Starting Authorization Manager...
         Starting Terminate Plymouth Boot Screen...
         Starting Hold until boot process finishes up...
[[0;32m  OK  [0m] Started Hold until boot process finishes up.
[[0;32m  OK  [0m] Started Terminate Plymouth Boot Screen.
[[0;32m  OK  [0m] Started Serial Getty on ttyS0.
         Starting Set console scheme...
[[0;32m  OK  [0m] Started Authorization Manager.
[[0;32m  OK  [0m] Started Accounts Service.
[[0;32m  OK  [0m] Started Set console scheme.
[[0;32m  OK  [0m] Created slice system-getty.slice.
[[0;32m  OK  [0m] Started Getty on tty1.
[[0;32m  OK  [0m] Reached target Login Prompts.
[[0;32m  OK  [0m] Started LSB: automatic crash report generation.
[[0;32m  OK  [0m] Started LSB: Record successful boot for GRUB.
[[0;32m  OK  [0m] Started Virtualbox guest utils.
[[0;32m  OK  [0m] Created slice User Slice of vagrant.
         Starting User Manager for UID 1000...
[[0;32m  OK  [0m] Started Session 1 of user vagrant.
[[0;32m  OK  [0m] Started Dispatcher daemon for systemd-networkd.
[[0;32m  OK  [0m] Started Snappy daemon.
         Starting Wait until snapd is fully seeded...
[[0;32m  OK  [0m] Started Wait until snapd is fully seeded.
[[0;32m  OK  [0m] Reached target Multi-User System.
[[0;32m  OK  [0m] Reached target Graphical Interface.
         Starting Update UTMP about System Runlevel Changes...
         Starting Apply the settings specified in cloud-config...
[[0;32m  OK  [0m] Started User Manager for UID 1000.
[[0;32m  OK  [0m] Started Update UTMP about System Runlevel Changes.
[   14.394578] cloud-init[1161]: Cloud-init v. 19.4-33-gbb4131a2-0ubuntu1~18.04.1 running 'modules:config' at Tue, 16 Jun 2020 06:46:19 +0000. Up 14.27 seconds.
[[0;32m  OK  [0m] Started Apply the settings specified in cloud-config.
         Starting Execute cloud user/final scripts...
[[0;32m  OK  [0m] Started Message of the Day.
[   15.335178] cloud-init[1246]: Cloud-init v. 19.4-33-gbb4131a2-0ubuntu1~18.04.1 running 'modules:final' at Tue, 16 Jun 2020 06:46:20 +0000. Up 15.14 seconds.
[   15.336770] cloud-init[1246]: Cloud-init v. 19.4-33-gbb4131a2-0ubuntu1~18.04.1 finished at Tue, 16 Jun 2020 06:46:20 +0000. Datasource DataSourceNoCloud [seed=/dev/sdb][dsmode=net].  Up 15.31 seconds
[[0;32m  OK  [0m] Started Execute cloud user/final scripts.
[[0;32m  OK  [0m] Reached target Cloud-init target.
         Stopping User Manager for UID 1000...
[[0;32m  OK  [0m] Stopped User Manager for UID 1000.
[[0;32m  OK  [0m] Removed slice User Slice of vagrant.
[[0;32m  OK  [0m] Started Daily apt upgrade and clean activities.

Ubuntu 18.04.4 LTS ubuntu-bionic ttyS0

ubuntu-bionic login: 